I'm sorry, but errors were detected in your script. Please correct the
errors listed below, and try again.


File "game/rooms.rpy", line 250: u'debbie_desk_location' is not a keyword argument or valid child for the imagebutton statement.
    debbie_desk_location
                        ^

Ren'Py Version: Ren'Py 7.4.11.2266
Wed Jul 26 20:48:44 2023
